(;GM[1]FF[4]CA[UTF-8]AP[CGoban:3]ST[2]
RU[Japanese]SZ[19]KM[0.00]
PW[White]PB[Black]
(;AW[fa][fb][bc][fc][bd][cd][dd][ed]AB[ea][bb][eb][cc][dc][ec])
(;AW[fa][cb][db][fb][bc][fc][bd][ed][ce][de][fe]AB[ea][bb][eb][cc][dc][ec])
(;AW[fa][cb][fb][bc][fc][bd][dd][ed][fd][bf]AB[ab][bb][eb][cc][dc][ec])
(;AW[ea][ab][bb][eb][cc][dc][ec]AB[ba][fa][fb][fc][bd][cd][dd][ed][fd])
(;AW[ea][ab][bb][eb][cc][dc][ec]AB[da][fb][bc][fc][bd][cd][dd][ed][fd])
(;AW[ca][da][ea][ab][bb][eb][cc][dc][ec]AB[ba][fa][fb][ac][bc][fc][bd][cd][dd][ed][fd])
(;AW[ea][ab][bb][eb][cc][dc][ec]AB[da][fb][bc][fc][bd][cd][dd][ed])
(;AW[ca][ab][bb][db][cc][dc]AB[ba][ea][eb][ec][bd][cd][dd][ed])
(;AW[da][ab][bb][eb][cc][dc]AB[ca][fb][hb][ac][bc][fc][cd][dd][ed][be])
(;AW[ca][ab][bb][eb][cc][dc]AB[fa][fb][hb][ac][bc][fc][cd][dd][ed][be])
(;AW[da][ab][bb][eb][cc][dc]AB[fa][fb][bc][ec][fc][bd][cd][dd])
(;AW[fa][fb][bc][ec][fc][bd][cd][dd]AB[ba][ab][bb][eb][cc][dc])
(;AW[ba][ab][bb][db][eb][cc][dc]AB[fa][fb][bc][ec][bd][cd][dd][ed])
(;AW[ca][ea][fb][gb][ac][bc][ec][cd][dd][ed][be]AB[fa][ab][bb][db][eb][cc][dc])
(;AW[da][ab][bb][eb][cc][dc][cd]AB[fa][fb][bc][ec][fc][bd][dd][ce][ee])
(;AW[ca][ea][ab][bb][eb][cc][ec][cd][dd][ed]AB[fa][cb][db][fb][bc][fc][bd][fd][ce][de][ee][fe])
(;AW[ba][bb][cb][fb][ac][bc][dc][ec]AB[ga][ab][gb][cc][fc][gc][bd][cd][dd][ed])
(;AW[ba][hb][bc][fc][gc][ic][bd][cd][dd][ed]AB[ab][bb][eb][cc][dc])
(;AW[ea][ab][bb][eb][cc][dc][ec]AB[ba][ca][fb][fc][bd][cd][dd][ed][fd])
(;AW[ca][da][ea][ab][bb][eb][dc][ec]AB[ba][fa][fb][ac][fc][bd][cd][dd][ed][fd])
(;AW[fa][cb][fb][ac][bc][fc][bd][fd][ce][de][ee][bf]AB[ea][ab][bb][eb][cc][cd][dd][ed])
(;AW[da][ab][bb][cc][dc][ec]AB[fb][ac][bc][fc][cd][dd][ed][fd][be])
(;AW[fa][gb][bc][ec][fc][gc][bd][cd][dd][ed]AB[ab][bb][eb][fb][cc][dc])
(;AW[ba][gb][bc][ec][fc][gc][bd][cd][dd][ed]AB[ab][bb][eb][fb][cc][dc])
(;AW[da][gb][bc][ec][fc][gc][bd][cd][dd][ed]AB[ab][bb][eb][fb][cc][dc])
(;AW[da][fb][gb][bc][ec][bd][cd][dd][fd]AB[fa][ab][bb][eb][cc][dc])
(;AW[ca][ab][bb][eb][fb][cc][dc]AB[ga][gb][bc][ec][fc][gc][bd][cd][dd])
(;AW[ba][fa][fb][ac][bc][fc][cd][dd][ed][fd][be]AB[ca][ab][bb][cc][dc][ec])
(;AW[fa][cb][fb][ac][bc][fc][bd][cd][ed][fd][cf]AB[ba][ab][bb][cc][dc][ec])
(;AW[ba][ea][ab][bb][db][cc][dc][ec]AB[ca][fa][fb][ac][bc][fc][cd][dd][ed][fd][be])
(;AW[ca][ab][bb][eb][cc][dc][ec]AB[ea][fb][bc][fc][bd][cd][dd][ed])
(;AW[da][gb][ib][ac][bc][cc][gc][dd][fd][gd][ce]AB[bb][cb][fb][dc][ec][fc])
(;AW[ea][bb][cb][eb][dc][ec][bd]AB[fa][fb][bc][fc][dd][ed][fd][ae][be][ce])
(;AW[aa][ea][bb][cb][eb][ac][bc][dc][ec]AB[fa][db][fb][cc][fc][ad][bd][cd][dd][ed])
(;AW[ea][bb][cb][eb][ac][bc][dc]AB[ba][fa][fb][cc][fc][ad][bd][cd][dd][ed])
(;AW[aa][bb][cb][eb][fb][ac][bc][dc][ec]AB[da][db][gb][cc][fc][hc][ad][bd][cd][dd][ed])
(;AW[fa][fb][ac][bc][cc][fc][dd][ed][fd][ce]AB[ab][bb][cb][eb][dc][ec])
(;AW[ea][ab][bb][cb][eb][dc]AB[da][fa][fb][ac][bc][cc][fc][dd][ed][ce])
(;AW[da][fa][ab][bb][cb][fb][ec]AB[ga][gb][ac][bc][cc][fc][dd][ed][gd])
(;AW[da][ab][bb][cb][eb][dc][ec]AB[fa][fb][ac][bc][cc][fc][cd][dd][ed])
(;AW[ca][fa][fb][ac][bc][cc][fc][dd][ed][fd][ce]AB[ea][ab][bb][cb][eb][dc][ec])
(;AW[ea][ab][bb][cb][eb][dc][ec]AB[ba][ca][fa][fb][bc][fc][dd][ed][fd][be])
(;AW[ea][ab][bb][cb][eb][dc][ec]AB[aa][ba][fa][fb][ac][bc][cc][fc][cd][dd][ed])
(;AW[ea][ab][bb][cb][eb][dc][ec]AB[ca][db][fb][ac][bc][cc][fc][dd][ed][ce])
(;AW[ba][gb][bc][cc][gc][dd][ed][fd][gd][ce]AB[ab][bb][cb][dc][ec][fc])
(;AW[ba][da][fb][gb][bc][cc][gc][dd][ed][fd][gd][ce]AB[fa][ab][bb][cb][db][eb][dc][ec][fc])
(;AW[ba][ea][fa][fb][bc][fc][ad][bd][cd][dd][ed]AB[ca][da][ab][bb][ac][cc][dc][ec])
(;AW[ea][ab][bb][fb][cc][dc][ec]AB[da][gb][bc][fc][gc][bd][cd][dd][ed])
(;AW[ea][ab][bb][cb][db][fb][cc][dc][ec]AB[ba][ca][da][gb][bc][fc][gc][bd][cd][dd][ed])
(;AW[da][ea][ab][bb][cb][fb][cc][dc][ec]AB[ba][ca][fa][ga][gb][ac][bc][gc][cd][fd][be][de][fe])
(;AW[ba][ab][bb][eb][fb][gb][cc][dc][ec]AB[da][ha][cb][hb][bc][fc][gc][hc][bd][cd][dd][ed])
(;AW[ea][ab][bb][fb][gb][cc][dc][ec]AB[da][ha][hb][bc][fc][gc][hc][bd][cd][dd][ed])
(;AW[ab][bb][db][fb][cc][dc][ec][fc]AB[fa][eb][gb][ac][bc][gc][ic][bd][cd][dd][ed][fd])
(;AW[gb][hb][bc][bd][cd][dd][ed][fd][gd]AB[ab][bb][fb][cc][dc][fc])
(;AW[ca][da][ab][bb][fb][cc][dc][fc]AB[ba][fa][ga][gb][bc][gc][bd][cd][dd][ed][gd])
(;AW[ca][ea][ab][bb][fb][cc][dc][ec][fc]AB[fa][cb][gb][ib][ac][bc][gc][cd][dd][ed][fd][gd][be])
(;AW[ab][bb][cc][dc][ec][fc]AB[gb][bc][gc][bd][cd][dd][ed][fd][gd])
(;AW[ea][bb][eb][bc][cc][dc][ec][fc][dd][ed][fd][de][ee]AB[ba][da][fa][db][fb][gb][gc][bd][cd][gd][ce][fe][ge][cf][df][ef])
(;AW[ca][ga][bb][eb][fb][gb][cc][dc]AB[ha][ab][hb][bc][ec][fc][gc][hc][bd][cd][dd])
(;AW[ab][fb][ec][gc][bd][cd][dd][ed]AB[da][cb][eb][cc][dc])
(;AW[bb][fb][ec][gc][bd][cd][dd][ed]AB[da][cb][eb][cc][dc])
(;AW[da][fa][ab][eb][fb][cc][dc]AB[ca][ga][gb][ec][fc][gc][bd][cd][dd])
(;AW[ba][ga][ab][bb][eb][fb][gb][cc][dc]AB[ha][hb][ac][bc][ec][fc][gc][hc][cd][dd][be])
(;AW[ha][ab][hb][bc][ec][fc][gc][hc][bd][cd][dd]AB[ga][bb][eb][fb][gb][cc][dc])
(;AW[ba][bb][eb][fb][gb][cc][dc][bd][cd]AB[ab][cb][db][bc][ec][fc][gc][hc][dd][ce][de])
(;AW[ea][cb][db][eb][bc][cc]AB[ba][da][fa][fb][dc][ec][fc][bd][cd])
(;AW[ba][ca][da][fa][fb][dc][ec][fc][bd][cd]AB[ea][cb][db][eb][bc][cc])
(;AW[cb][db][eb][bc]AB[fb][dc][ec][fc][ad][bd][cd])
(;AW[fb][cc][dc][ec][fc][ad][be][ce]AB[cb][db][eb][bc][bd])
(;AW[ab][bb][cb][eb][bc][ec]AB[ba][cc][fc][gc][ic][bd][cd][dd][ed])
(;AW[ca][fa][ab][cb][db][eb][fb][bc][ec]AB[ba][bb][gb][ib][dc][fc][gc][ad][bd][cd][dd][ed])
(;AW[bb][cb][eb][bc][dc]AB[fa][fb][cc][fc][bd][cd][dd][fd])
(;AW[ea][ab][bb][eb][bc][dc][ec]AB[da][fb][ac][fc][bd][cd][fd][de])
(;AW[ea][ab][bb][eb][fb][bc][dc][ec]AB[ba][ga][gb][ac][fc][ad][bd][cd][dd][ed][fd])
(;AW[ab][cb][ac][dc][bd][cd][dd]AB[da][db][fb][bc][cc][ec][ed][be][de][ee][bf])
(;AW[cb][fb][cc][fc][ad][bd][fd][ce][ee][bf]AB[bb][db][bc][ec][cd][dd])
(;AW[fb][cc][bd][cd][dd][ed][fd]AB[bb][cb][bc][dc][ec])
(;AW[ea][bb][eb][dc][ad][bd][cd][dd]AB[ab][fb][bc][cc][ec][fc][be][ce][ee][df])
(;AW[fa][ab][bb][db][fb][cc][dc][ec]AB[ba][cb][gb][bc][fc][gc][bd][cd][dd][ed])
(;AW[ab][bb][cb][db][ec][fc]AB[ba][ac][bc][cc][gc][ic][kc][dd][gd][ce][fe]))
