(;GM[1]FF[4]CA[UTF-8]AP[CGoban:3]ST[2]
RU[Japanese]SZ[19]KM[0.00]
PW[White]PB[Black]
(;AW[bb][hb][bc][cc][dc][fc][gc][hc][ed]AB[ca][ga][cb][db][fb][gb][ec])
(;AW[ga][ab][gb][bc][cc][ec][fc][gc][ce]AB[ba][fa][bb][cb][eb][fb])
(;AW[ab][gb][bc][dc][fc][gc][bd][cd][ed][ce][ee]AB[ba][fa][bb][cb][eb][fb][cc][ec][dd])
(;AW[ab][gb][bc][fc][hc][bd][cd][fd][ce][de][ee]AB[ba][fa][bb][cb][eb][fb][cc][ec])
(;AW[ab][gb][ib][bc][cc][gc][cd][dd][fd][gd]AB[bb][cb][eb][fb][dc][fc])
(;AW[ba][ab][bb][cb][eb][dc]AB[fa][fb][bc][cc][fc][cd][dd][ed])
(;AW[fa][cb][fb][dc][ec][fc][bd][cd]AB[ba][da][ea][ab][bb][db][eb][cc])
(;AW[ba][ab][bb][db][eb][dc]AB[fa][fb][bc][ec][fc][bd][cd][dd])
(;AW[ea][ab][bb][db][eb][fb][cc][ec]AB[fa][gb][ib][bc][fc][gc][bd][cd][dd][ed][fd])
(;AW[ea][ab][bb][db][eb][cc]AB[fb][bc][dc][ec][fc][bd][dd][ce])
(;AW[gb][ib][bc][dc][fc][gc][bd][dd][be][ce]AB[bb][db][eb][fb][ac][cc][cd])
(;AW[bb][cb][db][eb][fb][gb][cc][cd]AB[hb][bc][dc][fc][gc][ic][bd][dd][be][ce])
(;AW[ba][ab][db][dc][ad][bd][cd]AB[ca][cb][ac][bc])
(;AW[bb][eb][ec][bd][cd][dd]AB[ab][db][bc])
(;AW[ea][eb][ec][ad][bd][cd][dd]AB[da][ab][db][bc])
(;AW[aa][fa][bb][fb][hb][ac][bc][cc][ec][fc][gc][ic][jc][kc][bd][cd][dd]AB[cb][db][eb][gb][dc][hc][ad][ed][fd][gd][hd][id][jd][kd][ae][be][ce][de])
(;AW[ea][cb][eb][bc][dc][fc][dd][ed][fd]AB[da][bb][fb][gb][cc][gc][cd][gd][ce][de][ee][fe])
(;AW[da][cb][db][bc][dc][ad][cd][dd]AB[ea][ab][eb][ec][bd][ed][be][ce][de][bf])
(;AW[fa][cb][eb][fb][dc][fc][dd][ed]AB[da][ea][bb][gb][cc][gc][cd][fd][gd][ce][de][ee])
(;AW[aa][ca][bb][db][cc][cd]AB[ab][eb][ac][bc][dc][ec][de][ee][bf][cf])
(;AW[fa][ga][bb][fb][hb][jb][ac][dc][ec][fc][gc][jc][bd][ed][be][ce][je][kf][cg][dg][eg][jg][fh][hh]AB[cb][db][eb][bc][cc][hc][cd][dd][fd][gd][hd][de][ee][ff][gf][if])
(;AW[aa][ab][bb][eb][hb][jb][ac][dc][ec][fc][gc][jc][ad][bd][ed][be][ce][je][kf][cg][dg][eg][jg][fh][hh]AB[ba][da][cb][db][bc][cc][hc][cd][dd][fd][gd][hd][de][ee][ff][gf][if])
(;AW[ca][da][fa][ga][bb][gb][ib][ac][cc][ec][ic][cd][ed][id][ge][cf]AB[ha][ab][cb][db][eb][fb][hb][fc][gc][hc])
(;AW[ca][da][fa][bb][fb][bc][fc][cd][fd][ce][ee][fe][cf]AB[ea][cb][db][eb][cc][ec][bd][dd][ed])
(;AW[aa][fa][bb][fb][ec][fc][bd][dd][be][ce][de]AB[da][cb][bc][cc][dc][ad][cd])
(;AW[ba][cb][db][eb][bc][ec][ad][cd][dd][ed]AB[da][ea][fb][cc][fc][bd][fd][ae][be][ce][de][ee][fe])
(;AW[fa][ab][bb][fb][ec][bd][dd][fd][be][ce][de][bf]AB[ea][cb][eb][bc][cc][dc][ad][cd])
(;AW[ba][ea][fa][cb][db][bc][ad][bd]AB[ab][bb][eb][gb][ac][ec][hc][dd][bf][df])
(;AW[da][ea][fa][ga][bb][cb][eb][gb][bc][fc][gc]AB[ba][ca][db][hb][ib][dc][ec][bd][cd][fd][gd][hd])
(;AW[ab][cb][db][bc][ad][bd]AB[da][eb][cc][dc][ec][cd][ae][be][ce])
(;AW[ba][cb][db][ac][bc]AB[eb][cc][dc][ec][ad][bd][ce])
(;AW[ba][ea][eb][dc][ad][bd][cd]AB[da][bb][cb][ac][bc])
(;AW[ba][fa][fb][cc][ec][bd][dd][fd][be][de]AB[ea][db][eb][ac][bc][dc][cd])
(;AW[da][ea][ab][eb][ec][ad][dd][ae][be][ce][de]AB[ca][cb][db][ac][bc][bd][cd])
(;AW[ba][fa][ab][fb][ec][fc][ad][bd][cd][dd]AB[ea][cb][eb][ac][bc][cc])
(;AW[db][cc][dc][bd][ce]AB[ab][cb][bc])
(;AW[db][cc][dc][bd][ce]AB[ba][ab][bc])
(;AW[db][cc][ec][bd][cd]AB[ba][cb][bc])
(;AW[aa][ca][ea][cb][eb][ac][bc][dc]AB[ba][bb][fb][cc][fc][bd][cd][dd][ed])
(;AW[aa][ca][cb][ac][bc][dc][cd][dd]AB[ab][db][eb][ec][ad][ed][be][ce][de][ee])
(;AW[da][ga][ab][gb][bc][gc][bd][cd][dd][gd][ee][fe]AB[ba][fa][bb][db][fb][dc][fc][fd])
(;AW[ab][gb][ib][bc][cc][gc][dd][gd][ce][ee][fe]AB[bb][cb][db][fb][dc][fc][fd])
(;AW[ba][ca][ea][fb][bc][dc][fc][bd][fd][ce][ee][fe][bf]AB[ab][bb][cb][eb][cc][ec][cd][dd][ed])
(;AW[ea][ab][eb][ec][ad][bd][ed][ce][de]AB[ba][db][ac][bc][dc][dd])
(;AW[ca][fa][fb][ac][fc][bd][dd][fd][be][de]AB[ea][ab][bb][eb][bc][ec])
(;AW[ea][ab][eb][ec][bd][dd][be][ce][de]AB[bb][db][ac][bc][cd])
(;AW[ba][ea][eb][ec][ad][ed][ae][be][ce][de][ee]AB[da][db][ac][bc][dc][bd][dd])
(;AW[ca][cb][fb][ac][bc][cc][ec][fc][dd]AB[ea][gb][gc][ad][bd][cd][fd][de][ee][ge])
(;AW[ca][ea][cb][fb][ac][bc][cc][ec][fc][dd]AB[fa][ga][db][gb][gc][ad][bd][cd][fd][de][ee][ge])
(;AW[ca][cb][eb][fb][ac][bc][cc][fc][dd]AB[fa][gb][gc][ad][bd][cd][fd][de][ee][ge])
(;AW[cb][ac][bc][dc][bd][cd][dd]AB[da][db][eb][ec][ad][ed][ae][be][ce][de][ee])
(;AW[ea][eb][ac][cc][dc][ec][ae][be][ce]AB[da][cb][db][bc][bd])
(;AW[bb][fb][cc][fc][cd][dd][ed][fd][be][ce]AB[ea][cb][eb][bc][dc][ec][bd])
(;AW[ea][eb][cc][dc][ec][ad][bd][ce]AB[da][cb][db][ac][bc])
(;AW[ba][cb][db][bc][bd]AB[eb][cc][dc][ec][cd][be][ce])
(;AW[eb][cc][dc][ec][be][ce]AB[cb][db][bc][bd])
(;AW[ea][cb][db][eb][bc][bd][ae][be]AB[fa][fb][cc][dc][ec][fc][cd][ce][af][bf][cf])
(;AW[bb][gb][cc][dc][ec][fc][gc][cd][be][ce]AB[cb][db][eb][fb][bc][bd])
(;AW[ca][ha][ab][cb][fb][hb][bc][fc][hc][bd][gd][be][ge][cf][df][ef]AB[ba][fa][ga][bb][gb][cc][dc][gc][cd][ed][fd][ce][de])
(;AW[bb][cb][db][dc][ec][bd][cd][ed][ce][de][ee]AB[ab][eb][fb][bc][cc][fc][fd][ae][be][fe][cf][df][ef][ff][bg])
(;AW[ab][cb][bc][bd][cd][be]AB[db][fb][cc][dc][ec][dd][ce][de][bf][cg])
(;AW[ba][ea][bb][gb][cc][gc][cd][ed][fd][gd][ae][be][ce]AB[fa][ab][cb][db][fb][bc][dc][ec][fc][bd])
(;AW[da][ab][bb][db][bc][cc]AB[aa][ea][eb][ac][dc][ec][ad][bd][cd])
(;AW[ab][bb][db][eb][bc][cc]AB[cb][fb][ac][dc][ec][fc][ad][bd][cd])
(;AW[ba][cb][gb][ib][dc][ec][fc][gc][ad][bd][cd]AB[da][bb][db][eb][fb][bc][cc])
(;AW[ca][ab][db][bc][cc]AB[eb][gb][dc][ec][bd][cd])
(;AW[ca][ea][ab][db][bc][cc]AB[eb][gb][dc][ec][bd][cd][dd])
(;AW[eb][ac][dc][fc][bd][cd][dd][bf]AB[ca][db][bc][cc][ad])
(;AW[bb][dc][ec][fc][bd][cd][ce]AB[ca][db][bc][cc])
(;AW[ca][ab][db][bc][cc][ec][ad][bd]AB[ba][ea][bb][eb][dc][cd][dd][ae][be][cf])
(;AW[bb][eb][dc][ec][gc][cd][ce][cg]AB[ca][db][bc][cc])
(;AW[ca][ea][eb][ac][ec][ad][bd][cd][dd]AB[ba][da][db][bc][cc])
(;AW[ea][bb][eb][dc][ad][bd][cd][ed]AB[ba][da][db][bc][cc])
(;AW[bb][eb][fb][dc][bd][cd][dd][bf]AB[da][cb][db][bc][cc])
(;AW[ea][bb][eb][ac][ec][bd][cd][dd][bf]AB[da][cb][db][bc][cc][ad])
(;AW[ab][fb][ec][fc][ad][bd][cd][dd]AB[ba][db][eb][bc][cc][hc])
(;AW[fa][ab][fb][dc][ec][fc][ad][bd][cd]AB[ea][bb][db][eb][bc][cc])
(;AW[fa][ab][fb][dc][ec][fc][ad][bd][cd]AB[ba][ea][db][eb][bc][cc])
(;AW[fa][fb][ac][dc][ec][fc][bd][cd]AB[ba][ea][db][eb][bc][cc])
(;AW[ca][db][eb][ac][bc][cc]AB[ab][fb][dc][ec][fc][bd][cd]))
