(;GM[1]FF[4]CA[UTF-8]AP[CGoban:3]ST[2]
RU[Japanese]SZ[19]KM[0.00]
PW[White]PB[Black]
(;AW[da][ga][bb][gb][bc][dc][gc][bd][gd][ce][de][ee][fe]AB[fa][cb][fb][cc][fc][cd][dd][ed][fd])
(;AW[da][fa][ha][db][gb][dc][gc][dd][ed][fd][gd]AB[ca][cb][fb][hb][jb][cc][hc][cd][hd][de][ee][fe][ge])
(;AW[da][fa][ha][db][gb][dc][gc][dd][ed][fd][gd]AB[ca][cb][hb][jb][cc][hc][cd][hd][de][ee][fe][ge])
(;AW[ca][bb][cb][hb][ib][cc][bd][hd][id][ce][ee][fe][ge][cf]AB[ba][db][gb][bc][dc][gc][cd][dd][ed][fd][gd])
(;AW[fa][cb][hb][cc][hc][cd][hd][de][ee][ge][he]AB[da][db][eb][gb][dc][ed][fd][gd])
(;AW[ca][bb][hb][bc][ec][gc][ic][bd][gd][ce][de][ee][fe][ge]AB[cb][db][fb][gb][cc][fc][cd][dd][ed][fd])
(;AW[ca][da][ha][bb][hb][bc][gc][cd][gd][ce][de][ee][fe][ge]AB[ba][ga][cb][fb][gb][cc][fc][dd][ed][fd])
(;AW[ab][gb][bc][dc][ec][gc][cd][gd][be][de][ee][fe][ge]AB[bb][cb][fb][cc][fc][dd][ed][fd])
(;AW[ba][cb][db][fb][gb][cc][cd][dd][ed][fd]AB[bb][eb][hb][bc][ec][hc][bd][gd][ce][de][ee][fe][ge])
(;AW[ca][bb][hb][bc][gc][ic][bd][gd][ce][de][ee][fe]AB[cb][eb][fb][gb][fc][cd][dd][ed][fd])
(;AW[ga][db][gb][hb][dc][gc][dd][ed][fd][gd]AB[ha][cb][ib][cc][hc][jc][cd][hd][de][ee][fe][ge])
(;AW[fa][ab][fb][ac][cc][fc][bd][fd][be][ce][de][ee]AB[ba][da][ea][bb][eb][bc][ec][cd][ed])
(;AW[ba][ga][bb][eb][gb][bc][gc][bd][gd][ce][de][ee][fe]AB[ca][fa][fb][cc][fc][cd][dd][ed][fd])
(;AW[ba][ga][bb][cb][eb][gb][bc][gc][bd][gd][ce][de][ee][fe]AB[ca][fa][db][fb][cc][fc][cd][dd][ed][fd])
(;AW[ca][ha][cb][hb][cc][fc][hc][dd][hd][de][ee][fe][ge]AB[da][ga][db][dc][gc][ed][fd][gd])
(;AW[fa][ga][cb][db][gb][cc][fc][ad][ed][fd][ae][be][ce][de]AB[ba][ea][bb][fb][ac][bc][dc][bd][cd][dd])
(;AW[ca][fa][ja][cb][fb][jb][cc][ic][jc][dd][ed][fd][gd][hd][df]AB[da][ea][ia][db][gb][ib][dc][ec][fc][hc])
(;AW[ba][ea][ga][cb][db][gb][dc][hc][ed][fd][gd][hd]AB[bb][eb][hb][ib][bc][ec][ic][cd][dd][id][ee][fe][ge][he])
(;AW[ba][ea][ha][bb][hb][cc][hc][cd][gd][hd][ce][de][ee][fe]AB[ca][ga][cb][fb][gb][dc][gc][dd][ed][fd])
(;AW[bb][eb][fb][hb][cc][fc][hc][bd][dd][hd][de][ee][fe][ge]AB[fa][cb][gb][dc][ec][gc][ed][fd][gd])
(;AW[ba][eb][fb][hb][bc][cc][fc][hc][dd][hd][de][ee][fe][ge][he]AB[da][fa][gb][dc][ec][gc][ed][fd][gd])
(;AW[ba][ca][ha][ia][bb][ib][jb][cc][dc][fc][gc][ic][dd][id][de][ee][fe][ge][he]AB[ga][cb][db][gb][hb][ec][hc][ed][fd][gd][hd])
(;AW[ba][ca][ha][ia][bb][ib][bc][dc][fc][gc][ic][cd][dd][id][ee][fe][ge][he]AB[ea][cb][db][gb][hb][cc][ec][hc][ed][fd][gd][hd])
(;AW[ga][ha][ab][hb][bc][hc][cd][dd][gd][hd][be][ee][fe]AB[ba][bb][cb][fb][gb][cc][dc][gc][fd])
(;AW[ba][da][ea][bb][hb][cc][ec][hc][cd][hd][ce][de][ee][fe][ge][he]AB[ca][cb][db][dc][gc][dd][ed][fd][gd])
(;AW[ba][bb][db][eb][gb][hb][bc][hc][cd][hd][ce][de][ee][fe][ge]AB[ca][fa][cb][fb][cc][dc][dd][ed][fd][gd])
(;AW[ha][bb][hb][ac][cc][gc][hc][fd][be][ce][de][ee][fe]AB[ca][ga][cb][fb][gb][bc][ec][fc][dd][ed])
(;AW[db][fb][dc][fc][gc][hc][dd][ed][gd][fe][ge]AB[ea][ha][cb][ib][cc][ic][cd][hd][de][ee][he][cf][ff][gf][hf])
(;AW[da][ga][db][gb][dc][ec][gc][ed][gd][fe][ge]AB[ca][ha][cb][eb][hb][cc][fc][hc][dd][hd][de][ee][he][ff][gf])
(;AW[ba][ca][ha][bb][eb][fb][hb][cc][dc][hc][hd][de][ge][he][df][ef][ff][gf]AB[da][ga][ia][cb][db][gb][ib][ec][fc][gc][ic][ed][gd][id][ee][fe][ie][hf][hg])
(;AW[ba][ca][bb][eb][hb][bc][fc][hc][cd][fd][hd][ce][de][he][ef][ff][gf][dg]AB[fa][cb][db][gb][cc][gc][dd][ed][gd][ee][fe][ge])
(;AW[ca][bb][hb][bc][fc][hc][cd][fd][hd][ce][de][he][ef][ff][gf][eh]AB[fa][cb][gb][cc][gc][dd][ed][gd][ee][fe][ge])
(;AW[ba][ca][da][ia][bb][ib][bc][dc][fc][ic][cd][fd][hd][ce][he][df][ef][ff][gf][hf]AB[ea][fa][ga][cb][db][eb][gc][hc][dd][ed][gd][de][fe][ge])
(;AW[ba][ea][ha][bb][eb][hb][bc][ec][hc][bd][gd][ce][de][ee][fe][ge]AB[ca][ga][cb][fb][gb][cc][dc][fc][dd][ed][fd])
(;AW[bb][db][fb][hb][bc][dc][ec][hc][bd][hd][ce][ee][fe][ge][bf]AB[ca][ga][cb][gb][cc][fc][gc][cd][dd][ed][fd])
(;AW[db][gb][dc][ec][gc][dd][fd][gd][de][ee]AB[da][cb][hb][jb][cc][hc][cd][hd][ce][ge][he][df][ef][ff])
(;AW[ba][ha][bb][eb][hb][cc][hc][cd][fd][hd][ce][ge][df][ef][ff][gf]AB[ca][da][ga][cb][gb][dc][ec][gc][dd][gd][de][ee][fe])
(;AW[da][ha][cb][ib][cc][ic][cd][dd][hd][id][ee][fe][ge]AB[fa][db][hb][dc][fc][hc][ed][fd][gd])
(;AW[da][ha][cb][ib][cc][ic][dd][hd][id][de][ee][fe][ge]AB[db][fb][hb][dc][fc][hc][ed][fd][gd])
(;AW[ba][ha][bb][hb][bc][hc][bd][cd][fd][gd][de][ee]AB[ca][ga][cb][gb][cc][dc][gc][dd][ed])
(;AW[ba][ea][ga][bb][gb][cc][dc][ec][fc]AB[ha][ab][hb][bc][gc][hc][bd][cd][dd][ed][fd])
(;AW[ea][cb][cc][dc][ec][fc][dd][fd][de][ee]AB[ba][ga][bb][gb][bc][gc][cd][gd][ce][ge][cf][df][ef][ff])
(;AW[ba][fa][bb][gb][cc][dc][fc][dd][ed][fd]AB[da][ha][ab][hb][bc][gc][cd][gd][be][de][ee][fe][ge])
(;AW[ea][bb][db][fb][bc][fc][cd][dd][ed]AB[ab][gb][ac][ec][gc][bd][fd][gd][be][ce][de][ee])
(;AW[ga][ha][bb][fb][hb][bc][hc][bd][hd][ce][de][ee][fe][ge]AB[da][fa][cb][gb][cc][gc][cd][dd][ed][fd][gd])
(;AW[ca][ia][cb][eb][gb][ib][cc][fc][ic][cd][hd][id][de][ee][fe][ge]AB[da][ha][db][hb][dc][gc][hc][dd][ed][fd][gd])
(;AW[ca][ia][cb][fb][ib][cc][ic][cd][fd][id][de][ee][fe][ge][he]AB[da][ha][db][hb][dc][fc][hc][dd][ed][gd][hd])
(;AW[ea][ga][ha][bb][eb][hb][bc][fc][hc][bd][hd][ce][de][ee][fe][ge]AB[fa][fb][gb][cc][gc][cd][dd][ed][fd][gd])
(;AW[ca][ga][bb][eb][hb][jb][bc][hc][bd][gd][ce][de][ee][fe]AB[fa][cb][db][gb][cc][fc][gc][cd][dd][ed][fd])
(;AW[ca][fa][cb][gb][cc][fc][gc][cd][dd][ed][fd]AB[ga][bb][eb][hb][jb][bc][hc][bd][gd][hd][ce][de][ee][fe])
(;AW[da][cb][gb][cc][ec][fc][gc][cd][dd][ed]AB[bb][db][hb][jb][bc][hc][bd][fd][gd][hd][ce][de][ee])
(;AW[bb][db][hb][jb][bc][hc][bd][fd][gd][hd][ce][de][ee][bf]AB[ba][cb][gb][cc][ec][fc][gc][cd][dd][ed])
(;AW[cb][eb][gb][cc][ec][fc][gc][dd][ed]AB[ca][bb][fb][hb][ib][bc][cd][fd][gd][hd][ce][de][ee])
(;AW[ca][cb][eb][fb][gb][hb][cc][ec][dd][ed][fd]AB[ba][da][bb][ib][bc][fc][gc][hc][ic][cd][gd][ce][de][ee][fe])
(;AW[cb][eb][gb][hb][cc][ec][gc][dd][ed][fd]AB[ba][bb][db][ib][bc][fc][hc][ic][cd][gd][ce][de][ee][fe])
(;AW[ca][ea][cb][cc][dc][ec][cd][ed][de]AB[da][bb][ib][bc][fc][gc][hc][bd][fe][ge][cf][df])
(;AW[ca][da][bb][db][gb][ib][bc][hc][ic][cd][ce][he][df][ef][gf]AB[fa][cb][hb][cc][dc][ec][fc][gc][gd][ee][fe])
(;AW[ca][ea][bb][db][gb][ib][bc][hc][ic][cd][dd][ce][he][df][ef][gf]AB[fa][cb][hb][cc][dc][ec][fc][gc][gd][ee][fe])
(;AW[ca][fa][db][fb][dc][cd][dd][ed][ce][ee][df][ef]AB[da][gb][bc][cc][fc][gc][bd][be][fe][cf][ff][cg][dg][eg][fg])
(;AW[ba][ia][bb][ib][cc][dc][ic][ed][fd][gd][hd][de]AB[ca][ha][cb][db][eb][hb][ec])
(;AW[ha][hb][cc][hc][cd][dd][ed][fd][gd]AB[ea][ga][fb][gb][dc])
(;AW[cb][ib][cc][gc][ic][cd][dd][ed][gd][hd][id]AB[da][fa][ha][db][hb][dc][hc][fe])
(;AW[cb][gb][ib][cc][ic][cd][dd][ed][gd][hd][id]AB[da][fa][ha][db][hb][dc][hc][fe])
(;AW[cb][ib][cc][fc][ic][cd][dd][ed][gd][hd][id]AB[da][fa][ha][db][hb][dc][hc][fe])
(;AW[ea][ha][db][ib][kb][dc][ic][dd][ed][fd][id][jd][kd][ge][ke][gf][kf][gg][jg][kg][hh][ih]AB[fa][ga][hb][ec][fc][hc][hd][he][ie][je][hf][jf][hg][ig])
(;AW[ba][ga][ia][bb][ib][bc][cc][hc][ic][dd][ed][fd][gd]AB[ca][da][ha][cb][eb][hb][dc][ec])
(;AW[da][ia][bb][ib][bc][fc][gc][hc][ic][cd][dd][ed]AB[ca][fa][ha][db][fb][gb][hb][cc][dc])
(;AW[ea][ha][bb][db][hb][bc][hc][bd][ed][fd][gd][hd][ce][de]AB[ga][cb][eb][gb][cc][ec][fc][gc][cd][dd])
(;AW[fa][ia][bb][hb][ib][bc][fc][hc][cd][fd][gd][hd][ce][de][ee]AB[ca][da][ha][cb][db][fb][gb][cc][ec][gc][dd][ed])
(;AW[fa][bb][hb][ib][bc][dc][hc][cd][fd][gd][hd][ce][de][ee]AB[ca][da][ha][cb][gb][cc][ec][gc][dd][ed])
(;AW[da][ea][ha][ia][cb][hb][cc][dc][ec][fc][hc][ic]AB[ba][ca][ga][bb][db][ib][jb][bc][jc][cd][dd][ed][fd][gd][hd][id][jd])
(;AW[ca][da][ga][ha][cb][hb][cc][dc][ec][fc][gc][hc]AB[ba][ia][bb][db][eb][fb][ib][bc][ic][cd][dd][ed][fd][gd][hd])
(;AW[ba][ia][bb][db][eb][fb][ib][bc][ic][cd][dd][ed][fd][gd][hd]AB[ca][da][ga][ha][cb][hb][cc][dc][ec][fc][gc][hc])
(;AW[fa][ha][ab][db][hb][ac][ec][hc][ad][ed][fd][gd][be][ce][de]AB[ba][ga][bb][eb][gb][bc][dc][fc][gc][bd][cd][dd])
(;AW[ga][ab][gb][ac][cc][ec][gc][ad][dd][fd][gd][be][ee][bf][cf][df]AB[ba][fa][bb][eb][fb][bc][fc][bd][cd][ce][de])
(;AW[ba][ca][ha][bb][db][hb][bc][dc][hc][bd][fd][gd][hd][be][fe][bf][cf][df][ef]AB[da][ea][fa][ga][cb][eb][gb][cc][cd][ed][ce][de][ee])
(;AW[ba][ga][ha][bb][eb][hb][bc][ec][hc][cd][ed][hd][ce][de][he][ef][ff][gf]AB[ca][da][ea][fa][cb][fb][gb][cc][dc][gc][dd][gd][ee][fe][ge])
(;AW[ga][fb][gb][cc][dc][ec][gc][ed][gd][ee][fe]AB[ha][bb][hb][bc][hc][cd][dd][hd][ge][he][cf][df][ef][ff])
(;AW[ba][bb][db][fb][gb][bc][dc][gc][bd][gd][be][ge][cf][df][ef][ff]AB[ca][ea][cb][eb][cc][fc][cd][fd][ce][de][ee][fe])
(;AW[ba][ga][bb][db][gb][bc][dc][gc][bd][dd][fd][be][fe][cf][df][ef][ff]AB[ca][ea][cb][cc][ec][cd][ed][ce][de][ee])
(;AW[ga][bb][eb][gb][bc][ec][gc][cd][ed][gd][ce][ge][df][ef][ff]AB[fa][fb][dc][fc][dd][fd][de][ee][fe])
(;AW[ba][bb][db][fb][cc][ec][cd][ed][ce][de][ee]AB[da][ga][ab][gb][bc][fc][bd][dd][fd][be][fe][cf][df][ef][ff])
(;AW[ba][ea][bb][fb][cc][ec][cd][ed][ce][de][ee]AB[da][ga][ab][gb][bc][fc][bd][dd][fd][be][fe][cf][df][ef][ff])
(;AW[ba][ea][bb][eb][fb][cc][ec][cd][ed][ce][de][ee]AB[da][ga][ab][cb][gb][bc][fc][bd][dd][fd][be][fe][cf][df][ef][ff])
(;AW[ca][fa][cb][db][eb][gb][dc][ec][gc][dd][gd][de]AB[ba][da][ga][ha][bb][hb][cc][hc][cd][ed][hd][ce][fe][ge][cf][df][ef])
(;AW[eb][gb][dc][fc][gc][cd][dd][fd][gd][ce][fe][cf][df][ef]AB[da][bb][db][fb][hb][jb][cc][hc][bd][hd][be][ee][ge][bf][ff][gf][cg][dg][eg][fg])
(;AW[db][eb][fb][gb][hb][cc][ic][cd][fd][id][ce][ie][cf][if][dg][eg][fg][gg][hg]AB[dc][hc][dd][hd][de][fe][he][df][ef][ff][gf][hf])
(;AW[db][eb][fb][gb][hb][cc][ic][cd][id][ce][ie][cf][if][dg][eg][fg][gg][hg]AB[dc][fc][hc][dd][hd][de][he][df][ef][ff][gf][hf])
(;AW[cb][db][eb][fb][gb][cc][gc][bd][hd][be][he][bf][hf][cg][dg][eg][fg][gg]AB[dc][fc][cd][gd][ce][ge][cf][df][ef][ff][gf])
(;AW[ba][ca][da][ea][ab][fb][gb][ac][hc][ad][hd][be][ce][de][he][ef][ff][gf]AB[bb][cb][db][bc][fc][cd][dd][ee][fe][ge])
(;AW[ea][fa][ga][bb][cb][db][hb][ac][hc][ad][dd][ed][hd][ae][ge][bf][cf][df][ef][ff]AB[fb][gb][bc][cc][dc][ec][bd][gd][be][ce][de][ee][fe])
(;AW[da][ea][bb][cb][fb][hb][bc][gc][ad][dd][hd][ae][de][he][bf][gf][bg][cg][dg][eg][fg]AB[db][eb][cc][fc][bd][gd][be][ce][ee][ge][cf][df][ef][ff])
(;AW[da][ea][bb][cb][fb][hb][bc][ec][gc][ad][fd][hd][ae][he][bf][cf][hf][cg][dg][eg][fg][gg]AB[db][eb][cc][dc][bd][ed][gd][be][ce][ge][df][ef][ff][gf])
(;AW[ba][ca][da][ab][eb][fb][gb][ac][hc][bd][hd][be][de][he][cf][ff][gf][cg][dg][eg]AB[bb][cb][db][bc][ec][fc][gc][cd][gd][ce][fe][ge][df][ef])
(;AW[ba][ca][da][ea][fa][bb][gb][ac][hc][ad][ed][hd][be][ce][he][df][ef][ff][gf]AB[cb][db][eb][fb][bc][dc][gc][cd][gd][de][ee][fe])
(;AW[ba][ca][da][ea][fa][ab][gb][ac][dc][gc][ad][gd][ae][de][ge][bf][ef][ff][bg][cg][dg]AB[bb][cb][db][eb][fb][bc][fc][bd][fd][be][ee][fe][cf][df])
(;AW[fa][ga][eb][hb][fc][gc][ed][hd][ee][fe][ge][he]AB[ia][db][ib][dc][ec][hc][ic][dd][id][de][ie][ef][ff][gf][hf])
(;AW[eb][gb][cc][dc][fc][hc][ic][kc][cd][fd][jd][ce][je][df][hf][if][cg][dh][hh][ei][gi]AB[ba][cb][db][hb][bc][ec][ed][gd][hd][id][ee][fe][ef][gf][eg][fg])
(;AW[fa][db][eb][hb][fc][gc][hc][fe][ge][he][ff][hf][gg]AB[ca][ha][cb][ib][kb][dc][ec][ic][cd][ed][id][ee][ie][ef][if][eg][ig][fh][gh][hh])
(;AW[ga][cb][eb][fb][hb][cc][fc][gc][hc][cd][dd][fd][gd][hd]AB[ha][ia][bb][db][ib][bc][dc][ic][bd][ed][id][be][ee][fe][ge][he][cf]))
