(;GM[1]FF[4]CA[UTF-8]AP[CGoban:3]ST[2]
RU[Japanese]SZ[19]KM[0.00]
PW[White]PB[Black]
(;AW[ca][ga][ab][cb][gb][ac][gc][bd][cd][dd][ed][fd][gd]AB[fa][bb][fb][bc][cc][dc][ec][fc])
(;AW[ca][ea][ja][cb][ib][jb][cc][hc][cd][dd][ed][fd][gd][id]AB[da][fa][ia][db][hb][dc][ec][fc][gc])
(;AW[ba][fa][ga][ia][bb][ib][cc][hc][cd][dd][ed][fd][gd][id]AB[ca][ha][cb][gb][hb][dc][ec][fc][gc])
(;AW[da][ga][ha][bb][hb][bc][hc][bd][cd][dd][gd][ee][fe][ge]AB[ba][cb][fb][gb][cc][dc][ec][gc][ed][fd])
(;AW[ga][ab][gb][ac][fc][gc][bd][ed][be][ce][de][fe]AB[ba][bb][fb][bc][dc][ec][cd][dd])
(;AW[cb][fb][hb][ib][cc][ic][dd][id][de][ee][fe][ge][he][ie]AB[ga][db][gb][dc][hc][ed][fd][gd][hd])
(;AW[ca][ia][cb][eb][ib][cc][hc][ic][dd][ed][fd][gd]AB[da][ha][db][hb][dc][ec][fc][gc])
(;AW[ca][fa][cb][ib][cc][hc][ic][dd][ed][fd][gd]AB[da][ha][db][hb][dc][ec][fc][gc])
(;AW[ba][ha][cb][gb][cc][dc][ec][fc][gc]AB[ab][bb][hb][jb][bc][hc][bd][cd][dd][ed][fd][gd][hd])
(;AW[da][ha][db][hb][dc][ec][fc][gc][hc]AB[ca][fa][cb][ib][kb][cc][ic][cd][dd][ed][fd][gd][hd][id])
(;AW[da][ha][db][hb][dc][ec][fc][gc][hc]AB[ca][cb][fb][ib][kb][cc][ic][cd][dd][ed][fd][gd][hd][id])
(;AW[ca][ia][cb][ib][cc][ic][cd][dd][ed][fd][gd][hd][id]AB[da][ha][hb][dc][ec][fc][gc][hc])
(;AW[ca][ia][cb][fb][ib][cc][ic][cd][dd][ed][fd][gd][hd][id]AB[da][ha][db][hb][dc][ec][fc][gc][hc])
(;AW[da][ea][ga][ab][gb][ac][gc][bd][cd][dd][ed][fd][gd]AB[ba][fa][bb][fb][bc][cc][dc][ec][fc])
(;AW[ca][da][ea][cb][gb][hb][dc][ec][fc][gc]AB[fa][bb][eb][ib][bc][hc][ic][kc][cd][dd][ed][fd][gd])
(;AW[ba][ea][ia][bb][eb][ib][bc][hc][ic][cd][dd][ed][fd][gd]AB[ca][ha][cb][gb][hb][cc][dc][ec][fc][gc])
(;AW[ha][bb][eb][ib][kb][bc][hc][ic][cd][dd][ed][fd][gd]AB[ca][cb][fb][gb][hb][cc][dc][ec][fc])
(;AW[ea][bb][eb][ib][kb][bc][hc][ic][cd][dd][ed][fd][gd]AB[ca][cb][fb][gb][hb][cc][dc][ec][fc])
(;AW[ba][ha][bb][hb][bc][gc][hc][cd][dd][ed][fd]AB[ca][ga][eb][fb][gb][cc][dc][ec])
(;AW[ca][ea][ha][ja][cb][fb][jb][cc][hc][ic][jc][dd][ed][fd][gd]AB[da][db][gb][hb][ib][dc][ec][fc][gc])
(;AW[ca][ja][cb][jb][dc][ic][jc][dd][ed][fd][gd][hd]AB[ea][ha][db][ib][ec][fc][gc][hc])
(;AW[ca][da][cb][eb][fb][hb][ib][dc][ec][fc][gc]AB[ba][ga][bb][gb][jb][cc][hc][ic][jc][bd][dd][ed][fd][gd])
(;AW[fa][ab][fb][ac][cc][dc][ec][fc]AB[ga][eb][gb][gc][ad][bd][cd][dd][ed][fd][gd])
(;AW[da][fa][bb][fb][bc][cc][dc][ec]AB[ba][ab][gb][ac][gc][bd][cd][dd][ed][fd])
(;AW[ga][ia][cb][db][ib][cc][ic][cd][gd][hd][id][de][ee][fe]AB[eb][hb][dc][fc][gc][hc][dd][ed][fd])
(;AW[da][ga][bb][eb][gb][cc][dc][ec][fc]AB[ca][ha][cb][hb][bc][gc][hc][bd][cd][dd][ed][fd])
(;AW[fa][bb][cb][db][fb][cc][fc][dd][ed]AB[da][ga][ab][gb][bc][gc][cd][fd][gd][be][de][ee])
(;AW[fa][bb][cb][gb][cc][ec][fc][gc][ed]AB[ga][ha][ab][hb][bc][hc][cd][fd][gd][hd][be][de][ee])
(;AW[ba][bb][eb][fb][cc][ec][cd][ed][de][ee]AB[ab][db][gb][bc][fc][hc][bd][fd][ce][fe][bf][df][ef])
(;AW[ha][bb][hb][cc][gc][cd][dd][ed][fd][gd]AB[fa][ga][eb][gb][dc][ec][fc])
(;AW[ba][ha][bb][eb][hb][cc][gc][hc][cd][dd][ed][fd]AB[ca][cb][db][gb][dc][ec][fc])
(;AW[ca][fa][cb][db][eb][gb][dc][ec][fc]AB[ba][ea][ha][bb][hb][bc][cc][hc][dd][ed][fd][gd])
(;AW[ha][bb][hb][bc][cc][dc][hc][ed][fd][gd][hd]AB[ga][cb][db][gb][ec][fc][gc])
(;AW[ea][ga][cb][db][gb][ec][fc][gc]AB[ba][ha][bb][hb][bc][cc][dc][hc][ed][fd][gd][hd])
(;AW[ca][da][ha][ab][eb][hb][bc][cc][hc][dd][ed][fd][gd][hd][ce]AB[ga][bb][cb][db][gb][dc][ec][fc][gc])
(;AW[da][db][eb][fb][hb][fc][gc][hc]AB[ca][ia][cb][gb][ib][dc][ec][ic][cd][fd][gd][hd][id])
(;AW[ca][cb][db][gb][dc][ec][fc][gc]AB[ha][bb][hb][bc][cc][hc][dd][ed][fd][gd][hd])
(;AW[ba][ga][ab][gb][bc][cc][gc][fd][gd][ce][de][ee][bf]AB[fa][bb][cb][fb][dc][fc][dd][ed])
(;AW[ba][ga][ab][gb][bc][cc][gc][cd][gd][ce][ge][bf][df][ef][ff]AB[bb][cb][fb][dc][fc][dd][fd][de][ee][fe])
(;AW[ca][ia][cb][ib][cc][hc][ic][dd][ed][fd][gd]AB[ea][ha][db][gb][hb][fc][gc])
(;AW[da][fa][ha][db][fb][hb][ec][gc]AB[ca][ia][cb][ib][cc][ic][dd][ed][fd][gd][hd])
(;AW[ca][fa][ga][ja][cb][fb][jb][cc][hc][ic][jc][dd][ed][fd][gd]AB[da][ia][db][gb][hb][ib][dc][ec][fc][gc])
(;AW[aa][ga][ab][cb][db][eb][gb][ac][gc][bd][fd][be][ce][de][ee][ge]AB[ca][da][fa][bb][fb][bc][cc][fc][cd][dd][ed])
(;AW[cb][fb][dc][gc][cd][ed][fd][gd][ce][de][ee]AB[bb][gb][hb][bc][cc][hc][bd][hd][be][fe][ge][he][cf][df][ef])
(;AW[ca][bb][eb][fb][ib][bc][hc][ic][cd][dd][ed][fd][he]AB[ha][cb][gb][hb][cc][dc][ec][fc][gc])
(;AW[ga][ab][gb][bc][gc][bd][cd][dd][ed][fd][gd]AB[ba][fa][bb][fb][dc][ec][fc])
(;AW[ba][ha][bb][db][hb][bc][gc][bd][cd][dd][ed][fd][gd]AB[ca][ga][cb][gb][cc][dc][ec][fc])
(;AW[ca][ia][cb][ib][cc][gc][ic][cd][dd][ed][fd][id][ge][he]AB[da][ga][ha][db][hb][dc][ec][fc][hc][gd])
(;AW[ba][ha][bb][hb][bc][gc][hc][bd][ed][fd][ce][de]AB[ca][fa][cb][gb][cc][ec][fc][cd])
(;AW[ba][ea][bb][eb][bc][dc][ad][cd][dd]AB[ca][cb][fb][fc][bd][ed][ae][be][ce][de][ee])
(;AW[ba][da][db][bc][dc][ec][ad][cd][dd]AB[cb][fb][cc][fc][bd][ed][fd][be][ce][de])
(;AW[ca][cb][fb][gb][cc][bd][fd][be][ce][fe][ef][cg]AB[ea][bb][bc][dc][ec][ad][cd][dd])
(;AW[ab][ac][ec][hc][bd][fd][gd][be][ce][de][ee]AB[ba][bb][db][bc][cd][dd][ed])
(;AW[fb][cc][fc][bd][fd][be][ce][de][ee][bf]AB[bb][bc][ec][ad][cd][dd][ed])
(;AW[cb][gb][cc][fc][hc][dd][ed][fd][be][ce]AB[ea][bb][fb][bc][dc][ec][cd])
(;AW[ca][ga][bb][gb][bc][fc][cd][fd][be][de][ee][fe]AB[ba][fa][cb][fb][cc][ec][dd][ed])
(;AW[ca][ha][bb][hb][bc][gc][hc][cd][fd][ce][de][ee][ge]AB[ga][cb][eb][gb][cc][fc][dd][ed])
(;AW[ba][ca][bb][fb][hb][bc][gc][hc][cd][fd][ce][de][ee][ge]AB[ga][cb][db][gb][cc][ec][fc][dd][ed])
(;AW[ba][fa][ab][gb][hb][bc][cd][gd][be][de][ee][fe][ge]AB[bb][cb][eb][fb][cc][fc][dd][ed][fd])
(;AW[ba][ca][fa][ab][fb][ac][fc][bd][fd][be][ce][de][ee]AB[ea][bb][cb][eb][bc][ec][cd][dd])
(;AW[ba][da][fa][ab][fb][ac][fc][bd][ed][fd][ce][de][bf]AB[ea][bb][cb][eb][bc][ec][cd][dd])
(;AW[ba][fa][db][fb][ac][fc][ad][ed][ae][be][ce][de][ee]AB[ca][ea][bb][eb][bc][ec][bd][cd][dd])
(;AW[ea][bb][eb][bc][ec][cd][dd][ed]AB[fa][db][fb][fc][bd][fd][be][ce][de][ee][fe])
(;AW[da][fa][ab][cb][fb][ac][fc][bd][fd][be][ce][de][ee][fe]AB[ba][ea][bb][eb][bc][ec][cd][dd][ed])
(;AW[ca][fa][cb][eb][fb][cc][fc][dd][ed]AB[ea][ga][bb][gb][bc][gc][cd][fd][gd][ce][de][ee])
(;AW[ba][fa][bb][eb][bc][ec][cd][dd][ed]AB[db][fb][hb][fc][bd][fd][be][ce][de][ee])
(;AW[da][ga][db][gb][dc][gc][ed][fd]AB[ca][ha][cb][hb][cc][hc][cd][dd][hd][ee][fe][ge])
(;AW[da][cb][eb][hb][jb][cc][hc][cd][hd][de][ee][fe][ge][he]AB[ga][db][fb][gb][dc][gc][dd][ed][fd][gd])
(;AW[ca][cb][fb][cc][fc][cd][dd][ed][fd]AB[ba][bb][gb][bc][ec][gc][bd][gd][ce][de][ee][fe])
(;AW[da][ga][db][gb][dc][gc][dd][ed][fd][gd]AB[ca][cb][fb][hb][jb][cc][hc][cd][hd][ce][de][ee][fe][ge])
(;AW[da][ga][db][eb][gb][dc][gc][ed][fd][gd]AB[ca][fa][ha][cb][fb][hb][cc][hc][cd][hd][de][ee][fe][ge])
(;AW[ga][bb][db][gb][bc][ec][gc][cd][gd][ce][de][ee][fe][ge]AB[ca][fa][cb][fb][cc][fc][dd][ed][fd])
(;AW[da][fa][cb][fb][cc][fc][cd][dd][ed][fd]AB[ba][ca][ga][bb][gb][bc][dc][gc][bd][gd][ce][de][ee][fe])
(;AW[bb][gb][hb][bc][ec][hc][bd][gd][ce][ee][fe][ge][cf]AB[cb][db][fb][cc][fc][gc][cd][dd][ed][fd])
(;AW[fa][db][fb][gb][dc][gc][dd][ed][fd][gd]AB[ga][cb][hb][jb][cc][hc][cd][hd][de][ee][fe][ge])
(;AW[db][fb][gb][dc][ec][gc][dd][ed][fd][gd]AB[ga][cb][hb][jb][cc][hc][cd][hd][de][ee][fe][ge])
(;AW[da][db][fb][gb][dc][gc][dd][ed][fd][gd]AB[ga][cb][hb][jb][cc][hc][cd][hd][de][ee][fe][ge])
(;AW[ea][db][fb][gb][dc][gc][dd][ed][fd][gd]AB[ga][cb][hb][jb][cc][hc][cd][hd][de][ee][fe][ge])
(;AW[ca][cb][fb][hb][jb][cc][hc][cd][hd][de][ee][fe][ge]AB[da][db][gb][dc][gc][dd][ed][fd][gd])
(;AW[ea][bb][eb][gb][bc][gc][bd][gd][ce][de][ee][fe][ge]AB[ca][fa][cb][fb][cc][fc][cd][dd][ed]))
