(;GM[1]FF[4]CA[UTF-8]AP[CGoban:3]ST[2]
RU[Japanese]SZ[19]KM[0.00]
PW[White]PB[Black]
(;AW[ab][bb][eb][fb][bc][cc][ed][ae][be][ce][de][ee]AB[db][ac][dc][ad][bd][cd][dd])
(;AW[ba][ca][ea][bb][cb][eb][ec][ed][ae][be][ce][de]AB[aa][da][ab][db][dc][ad][bd][cd][dd])
(;AW[da][db][cc][dc][ad][bd][cd]AB[ea][eb][ec][dd][ed][ae][be][ce][de])
(;AW[ba][eb][ac][bc][ec][ad][ed][be][ce][de][ee]AB[da][ab][bb][db][dc][bd][cd][dd])
(;AW[bb][cb][eb][gb][ec][ad][ed][be][ce][de][ee][bg]AB[ab][db][bc][dc][bd][cd][dd])
(;AW[eb][gb][ec][ed][be][ce][de][ee][bg]AB[db][dc][bd][cd][dd])
(;AW[da][ab][db][bc][dc][bd][cd][dd]AB[bb][cb][eb][ec][ad][ed][be][ce][de][ee][bg])
(;AW[ba][ca][da][eb][ec][ed][ce][de][ee][af][bf]AB[cb][db][dc][bd][cd][dd][ae][be])
(;AW[da][db][dc][dd][ae][be][ce][de]AB[ab][cc][ad][bd][cd])
(;AW[ca][da][bb][cb][dc][ad][bd][cd][dd]AB[ba][ea][db][eb][ac][ec][ed][ae][be][ce][de])
(;AW[ca][da][db][ac][bc][dc][cd][dd]AB[ea][eb][ec][ad][bd][ed][be][ce][de][ee])
(;AW[bb][cb][cc][dc][bd][cd][dd][ae]AB[ab][db][eb][bc][ec][ad][ed][be][ce][de][ee][bg])
(;AW[ba][db][dc][ec][bd][cd][dd][ae]AB[ab][cb][fb][hb][fc][ed][be][ce][de][ee][bg])
(;AW[bb][db][eb][ac][bc][ec][bd][cd][dd]AB[ab][cb][fb][dc][fc][ad][ed][ae][be][ce][de][fe])
(;AW[da][ab][cb][db][eb][ac][bd][cd][dd]AB[ea][fa][fb][dc][fc][ad][ed][ae][be][ce][de][ee])
(;AW[db][dc][fc][ad][ed][fd][ae][be][ce][de]AB[bb][eb][ac][bc][ec][bd][cd][dd])
(;AW[cb][db][ec][fc][fd][be][ce][de][ee][fe][bg]AB[bb][eb][dc][bd][cd][dd][ed])
(;AW[cb][db][fb][ec][fc][ad][fd][be][ce][de][ee][fe][bg]AB[ca][bb][eb][cc][dc][bd][cd][dd][ed])
(;AW[ea][cb][db][fb][ec][fc][fd][be][ce][de][ee][fe][bg]AB[ca][bb][cc][dc][bd][cd][dd][ed])
(;AW[ca][cb][db][eb][fb][gb][hb]AB[bb][ib][bc][cc][dc][ec][fc][gc][hc][ic])
(;AW[bb][ib][bc][cc][dc][ec][fc][gc][hc][ic][kc]AB[ca][cb][db][eb][fb][gb][hb])
(;AW[ca][cb][db][eb][fb][gb][hb]AB[bb][jb][bc][cc][dc][ec][fc][gc][hc][ic][kc])
(;AW[bb][jb][bc][cc][dc][ec][fc][gc][hc][ic][jc][lc]AB[cb][db][eb][fb][gb][hb][ib])
(;AW[cb][db][eb][fb][gb][hb][ib]AB[bb][jb][bc][cc][dc][ec][fc][gc][hc][ic][jc][lc])
(;AW[ca][ja][cb][db][eb][fb][gb][hb][ib]AB[ia][bb][jb][kb][bc][cc][dc][ec][fc][gc][hc][ic])
(;AW[ca][bb][kb][bc][cc][dc][ec][fc][gc][hc][ic][jc][kc][mc]AB[cb][db][eb][fb][gb][hb][ib][jb])
(;AW[da][cb][db][eb][fb][gb][hb][ib][jb][ic]AB[ca][fa][bb][kb][bc][cc][dc][ec][fc][hc][jc][lc][hd][jd])
(;AW[da][ga][ia][db][eb][fb][gb][ib][hc]AB[fa][ja][cb][jb][cc][dc][ec][fc][gc][jc][hd][id])
(;AW[da][ia][db][eb][fb][gb][hb][ib][gc]AB[ga][ja][cb][jb][cc][dc][ec][fc][ic][jc][gd][hd])
(;AW[cb][ib][cc][dc][gc][hc][ic][ed][fd]AB[db][eb][gb][hb][ec][fc])
(;AW[cb][ib][kb][cc][dc][ec][ic][fd][gd][hd]AB[db][eb][fb][hb][gc][hc])
(;AW[cb][jb][cc][dc][ec][fc][ic][jc][gd][hd]AB[db][eb][fb][hb][ib][gc][hc])
(;AW[ha][db][gb][hb][dc][ec][fc][gc]AB[cb][ib][cc][hc][ic][cd][dd][ed][fd][gd])
(;AW[da][db][gb][hb][dc][ec][fc][gc]AB[cb][ib][cc][hc][ic][cd][dd][ed][fd][gd])
(;AW[fa][db][gb][hb][dc][ec][fc][gc]AB[cb][ib][cc][hc][ic][cd][dd][ed][fd][gd])
(;AW[cb][db][gb][hb][dc][ec][fc][gc]AB[bb][ib][bc][cc][hc][ic][dd][ed][fd][gd])
(;AW[ia][cb][ib][cc][dc][ec][ic][fd][gd][hd][id]AB[ha][db][eb][hb][fc][gc][hc])
(;AW[db][eb][fb][hb][ib][gc][hc]AB[cb][jb][cc][dc][ec][fc][ic][jc][gd][hd])
(;AW[cb][jb][kb][cc][dc][ec][hc][ic][fd][gd]AB[da][db][eb][hb][ib][fc][gc])
(;AW[cb][jb][kb][cc][dc][ec][ic][fd][gd][hd][jd]AB[ia][db][eb][hb][ib][fc][gc])
(;AW[fa][cb][jb][cc][dc][ec][hc][ic][jc][fd][gd]AB[da][ia][db][eb][hb][ib][fc][gc])
(;AW[db][eb][hb][ib][fc][gc]AB[cb][jb][cc][dc][ec][jc][fd][gd][hd])
(;AW[ba][fa][bb][hb][cc][fc][gc][hc][cd][dd][ed]AB[ca][ga][cb][fb][gb][dc][ec])
(;AW[fa][bb][hb][jb][bc][cc][fc][hc][dd][ed][fd]AB[ba][ga][cb][fb][gb][dc][ec])
(;AW[da][ea][ga][cb][fb][gb][dc][ec]AB[ba][bb][hb][bc][cc][fc][gc][hc][cd][dd][ed][fd])
(;AW[ba][ia][bb][db][ib][cc][hc][ic][cd][dd][ed][fd][gd]AB[da][ha][cb][fb][hb][dc][ec][fc][gc])
(;AW[da][ea][ha][cb][fb][gb][hb][cc][dc][ec]AB[ca][fa][ia][bb][ib][bc][fc][gc][hc][ic][bd][cd][dd][ed])
(;AW[ba][fa][ab][ib][ac][bc][cc][hc][ic][dd][fd][gd][ce][ee]AB[da][bb][cb][eb][gb][hb][dc][ec][fc][ed])
(;AW[ia][bb][eb][ib][bc][cc][dc][ic][ed][fd][gd][hd][id]AB[ba][ga][ha][cb][db][hb][ec][fc][gc][hc])
(;AW[ca][ga][cb][db][eb][hb][fc][gc][hc]AB[ba][fa][ia][bb][jb][bc][cc][dc][ec][jc][fd][gd][hd][id])
(;AW[ca][ga][cb][db][eb][fb][fc][gc][hc]AB[ba][fa][bb][ib][bc][cc][dc][ec][ic][fd][gd][hd][id])
(;AW[ca][ga][cb][db][eb][hb][fc][gc][hc]AB[ba][fa][bb][ib][bc][cc][dc][ec][ic][fd][gd][hd][id])
(;AW[ca][cb][eb][dc][ec][gc][fd][gd]AB[da][bb][jb][bc][fc][ic][kc][cd][ed][hd][de][ee][fe][ge])
(;AW[da][cb][eb][fb][hb][dc][gc][fd]AB[ca][bb][jb][bc][ec][ic][kc][cd][ed][hd][de][ee][fe][ge])
(;AW[da][cb][eb][dc][gc][fd]AB[bb][jb][bc][ic][kc][cd][ed][hd][de][ee][fe][ge])
(;AW[ga][db][fb][hb][ib][ec][gc][hc]AB[da][cb][jb][cc][fc][jc][dd][ed][fd][gd][hd][id])
(;AW[ca][ea][db][gb][ib][ec][fc][hc][ic][ed][fd]AB[cb][fb][jb][lb][cc][dc][jc][dd][gd][jd][ee][fe][he])
(;AW[cb][ib][cc][dc][hc][ic][dd][ed][fd][gd]AB[ga][db][hb][ec][fc][gc])
(;AW[ga][db][gb][hb][ib][ec][fc][gc]AB[fa][ha][jb][cc][dc][hc][ic][kc][ed][fd][gd])
(;AW[fa][cb][ib][cc][dc][hc][ic][kc][ed][fd][gd]AB[da][ha][db][hb][ec][fc][gc])
(;AW[ca][ia][cb][fb][ib][cc][dc][hc][ic][ed][fd][gd]AB[da][db][eb][hb][ec][fc][gc])
(;AW[cb][fb][ib][cc][dc][hc][ic][kc][ed][fd][gd]AB[da][ha][db][hb][ec][fc][gc])
(;AW[ia][cb][ib][cc][dc][hc][ic][ed][fd][gd]AB[da][ha][db][hb][ec][fc][gc])
(;AW[da][ea][ha][fb][gb][hb][ec][hc][fd][gd]AB[ca][ia][cb][eb][ib][dc][ic][dd][id][ee][fe][ge][he])
(;AW[ea][fa][db][gb][ec][fc][ed][gd][ee][fe][ge]AB[ha][cb][hb][dc][gc][hc][dd][hd][de][he][ef][ff][gf])
(;AW[ba][fa][cb][eb][dc][fc][dd][ed][fd]AB[bb][fb][gb][hb][bc][cc][gc][gd][ce][de][ee][fe])
(;AW[ia][cb][ib][dc][hc][ic][dd][ed][fd][gd]AB[ga][ha][fb][hb][ec][fc][gc])
(;AW[da][ha][db][fb][hb][ec][fc][gc]AB[ca][ia][cb][ib][cc][dc][hc][ic][ed][gd][de][he])
(;AW[ca][fa][eb][gb][hb][bc][hc][bd][cd][dd][ed][fd][gd]AB[bb][db][fb][cc][dc][ec][fc][gc])
(;AW[ha][ab][cb][hb][bc][gc][hc][bd][cd][dd][ed][fd]AB[ba][fa][bb][gb][cc][dc][ec][fc])
(;AW[ga][ab][cb][gb][bc][gc][bd][cd][dd][ed][fd][gd]AB[fa][bb][db][fb][cc][dc][ec][fc])
(;AW[ba][da][fa][bb][fb][cc][dc][ec]AB[ca][ga][gb][bc][fc][gc][bd][cd][dd][ed])
(;AW[ba][fa][bb][fb][cc][dc][ec][fc]AB[da][ga][gb][bc][gc][bd][cd][dd][ed][fd][gd])
(;AW[da][ga][gb][bc][gc][bd][cd][dd][ed][fd][gd]AB[fa][bb][fb][cc][dc][ec][fc])
(;AW[ba][ea][fa][bb][fb][cc][dc][fc]AB[ga][gb][bc][gc][bd][cd][dd][fd][gd])
(;AW[da][ga][db][gb][bc][gc][bd][cd][ed][fd][gd][cf]AB[aa][fa][bb][fb][ac][cc][dc][ec][fc])
(;AW[ab][gb][bc][gc][cd][dd][ed][fd][gd][be]AB[fa][bb][fb][cc][dc][ec][fc])
(;AW[ga][ab][db][gb][bc][gc][cd][dd][fd][gd][be]AB[ba][fa][bb][fb][cc][dc][ec][fc])
(;AW[da][ha][db][hb][ec][fc][gc][hc]AB[ia][cb][ib][cc][dc][ic][ed][fd][gd][hd])
(;AW[ca][ab][db][hb][ac][gc][hc][bd][cd][dd][ed][fd]AB[ga][bb][fb][gb][bc][cc][dc][ec][fc]))
